ALIGN_SMOKE_PROGRESS={"schema_version": 2, "shutdown_mode": "fast", "python": "3.10.14", "probe_sha256": "2c96cc4b6f44cda305a6b6f71594494401745b6f474ffe0eeaff71234315bca4", "status": "running", "updates_completed": 0, "drone_physics_tested": false, "phase": "starting", "elapsed_seconds": 9.964898345060647e-05}
Starting kit application with the following args:  ['/isaac-sim/exts/omni.isaac.kit/omni/isaac/kit/simulation_app.py', '/isaac-sim/apps/omni.isaac.sim.python.kit', '--/app/tokens/exe-path=/isaac-sim/kit', '--/persistent/app/viewport/displayOptions=3094', '--/rtx/materialDb/syncLoads=True', '--/rtx/hydra/materialSyncLoads=True', '--/omni.kit.plugin/syncUsdLoads=True', '--/app/renderer/resolution/width=1280', '--/app/renderer/resolution/height=720', '--/app/window/width=1440', '--/app/window/height=900', '--/renderer/multiGpu/enabled=False', '--/app/fastShutdown=True', '--ext-folder', '/isaac-sim/exts', '--ext-folder', '/isaac-sim/apps', '--/physics/cudaDevice=0', '--portable', '--no-window', '--/app/window/hideUi=1']
Passing the following args to the base kit application:  ['--allow-root']
[Info] [carb] Logging to file: /isaac-sim/kit/logs/Kit/Isaac-Sim/4.1/kit_20260915_193520.log
2026-09-15 19:35:20 [0ms] [Warning] [omni.kit.app.plugin] No crash reporter present, dumps uploading isn't available.
[0.064s] [ext: omni.kit.async_engine-0.0.0] startup
[0.690s] [ext: omni.stats-1.0.1] startup
[0.691s] [ext: omni.client-1.1.0] startup
[0.721s] [ext: omni.datastore-0.0.0] startup
[0.722s] [ext: omni.blobkey-1.1.0] startup
[0.722s] [ext: omni.ujitso.default-1.0.0] startup
[0.723s] [ext: omni.hsscclient-0.0.0] startup
[0.723s] [ext: omni.rtx.shadercache.vulkan-1.0.0] startup
[0.725s] [ext: omni.assets.plugins-0.0.0] startup
[0.727s] [ext: omni.gpu_foundation-0.0.0] startup
[0.737s] [ext: carb.windowing.plugins-1.0.0] startup
2026-09-15 19:35:20 [717ms] [Warning] [carb.windowing-glfw.plugin] GLFW initialization failed.
2026-09-15 19:35:20 [717ms] [Warning] [carb] Failed to startup plugin carb.windowing-glfw.plugin (interfaces: [carb::windowing::IGLContext v1.0],[carb::windowing::IWindowing v1.4]) (impl: carb.windowing-glfw.plugin)
[0.738s] [ext: omni.kit.renderer.init-0.0.0] startup
2026-09-15 19:35:21 [810ms] [Warning] [omni.platforminfo.plugin] failed to open the default display.  Can't verify X Server version.

|---------------------------------------------------------------------------------------------|
| Driver Version: 580.173.02    | Graphics API: Vulkan
|=============================================================================================|
| GPU | Name                             | Active | LDA | GPU Memory | Vendor-ID | LUID       |
|     |                                  |        |     |            | Device-ID | UUID       |
|     |                                  |        |     |            | Bus-ID    |            |
|---------------------------------------------------------------------------------------------|
| 0   | NVIDIA RTX A4000                 | Yes: 0 |     | 16622   MB | 10de      | 0          |
|     |                                  |        |     |            | 24b0      | e5fe36c5.. |
|     |                                  |        |     |            | 1         |            |
|=============================================================================================|
| OS: 22.04.3 LTS (Jammy Jellyfish) ubuntu, Version: 22.04.3, Kernel: 7.0.0-31-generic
| Processor: AMD EPYC 9654 96-Core Processor | Cores: 96 | Logical: 192
|---------------------------------------------------------------------------------------------|
| Total Memory (MB): 515474 | Free Memory: 502961
| Total Page/Swap (MB): 8191 | Free Page/Swap: 8191
|---------------------------------------------------------------------------------------------|
2026-09-15 19:35:21 [1,538ms] [Warning] [gpu.foundation.plugin] IOMMU is enabled.
[1.742s] [ext: omni.kit.pipapi-0.0.0] startup
[1.746s] [ext: omni.kit.pip_archive-0.0.0] startup
[1.747s] [ext: omni.pip.compute-1.4.0] startup
[1.748s] [ext: omni.kit.telemetry-0.5.0] startup
[1.807s] [ext: omni.pip.cloud-1.1.3] startup
[1.825s] [ext: omni.isaac.core_archive-2.3.0] startup
[1.826s] [ext: omni.mtlx-0.1.0] startup
[1.827s] [ext: omni.usd.config-1.0.4] startup
[1.833s] [ext: omni.gpucompute.plugins-0.0.0] startup
[1.833s] [ext: omni.usd.libs-1.0.1] startup
[1.899s] [ext: omni.isaac.ml_archive-2.0.1] startup
[1.900s] [ext: omni.kit.loop-isaac-1.2.0] startup
[1.901s] [ext: omni.kit.test-0.0.0] startup
[2.135s] [ext: omni.appwindow-1.1.8] startup
2026-09-15 19:35:22 [2,115ms] [Warning] [carb.windowing-glfw.plugin] GLFW initialization failed.
2026-09-15 19:35:22 [2,115ms] [Warning] [carb] Failed to startup plugin carb.windowing-glfw.plugin (interfaces: [carb::windowing::IGLContext v1.0],[carb::windowing::IWindowing v1.4]) (impl: carb.windowing-glfw.plugin)
[2.138s] [ext: omni.kit.renderer.core-1.0.1] startup
2026-09-15 19:35:22 [2,118ms] [Warning] [carb.windowing-glfw.plugin] GLFW initialization failed.
2026-09-15 19:35:22 [2,118ms] [Warning] [carb] Failed to startup plugin carb.windowing-glfw.plugin (interfaces: [carb::windowing::IGLContext v1.0],[carb::windowing::IWindowing v1.4]) (impl: carb.windowing-glfw.plugin)
2026-09-15 19:35:22 [2,127ms] [Warning] [carb.windowing-glfw.plugin] GLFW initialization failed.
2026-09-15 19:35:22 [2,127ms] [Warning] [carb] Failed to startup plugin carb.windowing-glfw.plugin (interfaces: [carb::windowing::IGLContext v1.0],[carb::windowing::IWindowing v1.4]) (impl: carb.windowing-glfw.plugin)
[2.150s] [ext: omni.kit.renderer.capture-0.0.0] startup
[2.152s] [ext: omni.kit.renderer.imgui-1.0.1] startup
2026-09-15 19:35:22 [2,134ms] [Warning] [carb.windowing-glfw.plugin] GLFW initialization failed.
2026-09-15 19:35:22 [2,134ms] [Warning] [carb] Failed to startup plugin carb.windowing-glfw.plugin (interfaces: [carb::windowing::IGLContext v1.0],[carb::windowing::IWindowing v1.4]) (impl: carb.windowing-glfw.plugin)
2026-09-15 19:35:22 [2,136ms] [Warning] [carb.windowing-glfw.plugin] GLFW initialization failed.
2026-09-15 19:35:22 [2,136ms] [Warning] [carb] Failed to startup plugin carb.windowing-glfw.plugin (interfaces: [carb::windowing::IGLContext v1.0],[carb::windowing::IWindowing v1.4]) (impl: carb.windowing-glfw.plugin)
2026-09-15 19:35:22 [2,137ms] [Warning] [carb.windowing-glfw.plugin] GLFW initialization failed.
2026-09-15 19:35:22 [2,137ms] [Warning] [carb] Failed to startup plugin carb.windowing-glfw.plugin (interfaces: [carb::windowing::IGLContext v1.0],[carb::windowing::IWindowing v1.4]) (impl: carb.windowing-glfw.plugin)
[2.241s] [ext: omni.ui-2.23.11] startup
[2.255s] [ext: omni.kit.mainwindow-1.0.3] startup
[2.257s] [ext: carb.audio-0.1.0] startup
[2.265s] [ext: omni.uiaudio-1.0.0] startup
[2.266s] [ext: omni.kit.uiapp-0.0.0] startup
[2.266s] [ext: omni.usd.schema.geospatial-0.0.0] startup
[2.363s] [ext: omni.anim.navigation.schema-106.0.2] startup
[2.379s] [ext: omni.usd.schema.audio-0.0.0] startup
[2.383s] [ext: omni.usd.schema.semantics-0.0.0] startup
[2.392s] [ext: omni.usd.schema.anim-0.0.0] startup
[2.408s] [ext: omni.usd.schema.omnigraph-1.0.0] startup
[2.416s] [ext: omni.usd.schema.isaac-2.1.0] startup
[2.423s] [ext: omni.usd.schema.scene.visualization-2.0.2] startup
[2.425s] [ext: omni.usd.schema.physx-106.0.20] startup
[2.467s] [ext: omni.usd.schema.omniscripting-1.0.0] startup
[2.472s] [ext: omni.anim.graph.schema-106.0.2] startup
[2.478s] [ext: omni.usd.schema.forcefield-106.0.20] startup
[2.485s] [ext: omni.kit.window.popup_dialog-2.0.24] startup
[2.495s] [ext: omni.graph.exec-0.9.3] startup
[2.496s] [ext: omni.kit.widget.nucleus_connector-1.1.8] startup
[2.504s] [ext: omni.kit.usd_undo-0.1.8] startup
[2.505s] [ext: omni.kit.exec.core-0.13.2] startup
[2.508s] [ext: omni.usd_resolver-1.0.0] startup
[2.513s] [ext: omni.resourcemonitor-105.0.1] startup
[2.515s] [ext: omni.kit.actions.core-1.0.0] startup
[2.517s] [ext: omni.activity.core-1.0.1] startup
[2.519s] [ext: omni.usd.core-1.2.11] startup
[2.522s] [ext: omni.timeline-1.0.10] startup
[2.524s] [ext: omni.kit.commands-1.4.9] startup
[2.535s] [ext: usdrt.scenegraph-7.4.8] startup
[2.578s] [ext: omni.kit.audiodeviceenum-1.0.1] startup
[2.580s] [ext: omni.hydra.usdrt_delegate-7.4.7] startup
[2.599s] [ext: omni.hydra.scene_delegate-0.3.3] startup
[2.605s] [ext: omni.usd-1.11.2] startup
[2.690s] [ext: omni.kit.notification_manager-1.0.8] startup
[2.699s] [ext: omni.kit.clipboard-1.0.3] startup
[2.700s] [ext: omni.kit.widget.path_field-2.0.9] startup
[2.704s] [ext: omni.kit.collaboration.telemetry-1.0.0] startup
[2.705s] [ext: omni.kit.helper.file_utils-0.1.8] startup
[2.710s] [ext: omni.kit.widget.nucleus_info-1.0.2] startup
[2.712s] [ext: omni.kit.widget.context_menu-1.2.1] startup
[2.717s] [ext: omni.kit.widget.browser_bar-2.0.10] startup
[2.720s] [ext: omni.kit.collaboration.channel_manager-1.0.11] startup
[2.724s] [ext: omni.kit.widget.filebrowser-2.10.48] startup
[2.750s] [ext: omni.kit.search_core-1.0.5] startup
[2.752s] [ext: omni.kit.widget.options_menu-1.1.4] startup
[2.762s] [ext: omni.kit.widget.searchable_combobox-1.0.6] startup
[2.766s] [ext: omni.kit.widget.search_delegate-1.0.4] startup
[2.771s] [ext: omni.ui.scene-1.9.3] startup
[2.776s] [ext: omni.kit.widget.options_button-1.0.2] startup
[2.778s] [ext: omni.kit.widget.settings-1.1.1] startup
[2.788s] [ext: omni.kit.menu.utils-1.5.27] startup
[2.824s] [ext: omni.kit.window.filepicker-2.10.34] startup
[2.892s] [ext: omni.kit.widget.prompt-1.0.7] startup
[2.895s] [ext: omni.kit.usd.layers-2.1.31] startup
[2.923s] [ext: omni.kit.window.preferences-1.5.3] startup
[2.937s] [ext: omni.kit.widget.live_session_management.ui-1.0.1] startup
[2.948s] [ext: omni.kit.collaboration.presence_layer-1.0.8] startup
[2.957s] [ext: omni.kit.widget.live_session_management-1.2.18] startup
[2.966s] [ext: omni.inspect-1.0.1] startup
[2.969s] [ext: omni.kit.widget.graph-1.12.8] startup
[3.002s] [ext: omni.kit.widget.filter-1.1.4] startup
[3.004s] [ext: omni.graph.core-2.170.3] startup
[3.007s] [ext: omni.kit.window.extensions-1.4.9] startup
[3.039s] [ext: omni.kit.hotkeys.core-1.3.3] startup
[3.040s] [ext: omni.kit.context_menu-1.8.0] startup
[3.048s] [ext: omni.mdl-52.0.1] startup
[3.171s] [ext: omni.iray.libs-0.0.0] startup
[3.177s] [ext: omni.kit.primitive.mesh-1.0.16] startup
[3.191s] [ext: omni.kit.stage_template.core-1.1.21] startup
[3.193s] [ext: omni.mdl.neuraylib-0.2.5] startup
[3.196s] [ext: omni.ujitso.processor.texture-1.0.0] startup
[3.196s] [ext: omni.kit.window.file_exporter-1.0.29] startup
[3.201s] [ext: omni.kit.stage_templates-1.2.3] startup
[3.207s] [ext: omni.volume-0.5.0] startup
[3.209s] [ext: omni.ujitso.client-0.0.0] startup
[3.210s] [ext: omni.kit.window.file_importer-1.1.11] startup
[3.213s] [ext: omni.kit.window.drop_support-1.0.2] startup
[3.215s] [ext: omni.kit.window.file-1.3.52] startup
[3.227s] [ext: omni.kit.window.content_browser_registry-0.0.6] startup
[3.229s] [ext: omni.hydra.rtx-0.2.0] startup
[3.241s] [ext: omni.kit.widget.highlight_label-1.0.2] startup
[3.243s] [ext: omni.kit.window.content_browser-2.9.14] startup
[3.266s] [ext: omni.kit.widget.stage-2.10.26] startup
[3.306s] [ext: omni.kit.material.library-1.4.4] startup
[3.341s] [ext: omni.kit.hydra_texture-1.2.6] startup
[3.346s] [ext: omni.kit.viewport.legacy_gizmos-1.0.15] startup
[3.350s] [ext: omni.kit.raycast.query-1.0.5] startup
[3.357s] [ext: omni.hydra.engine.stats-1.0.2] startup
[3.360s] [ext: omni.kit.widget.searchfield-1.1.6] startup
[3.365s] [ext: omni.kit.widget.viewport-106.0.3] startup
[3.383s] [ext: omni.kit.viewport.registry-104.0.6] startup
[3.384s] [ext: omni.kit.widget.text_editor-1.0.2] startup
[3.386s] [ext: omni.kit.viewport.window-106.0.8] startup
[3.432s] [ext: omni.kit.window.property-1.11.1] startup
[3.440s] [ext: omni.usdphysics-106.0.20] startup
[3.443s] [ext: omni.graph.tools-1.78.0] startup
[3.544s] [ext: omni.kit.viewport.utility-1.0.17] startup
[3.548s] [ext: omni.kit.property.usd-3.21.28] startup
[3.606s] [ext: omni.graph-1.135.0] startup
[3.925s] [ext: omni.graph.image.core-0.3.2] startup
[3.929s] [ext: omni.graph.ui-1.70.0] startup
[3.984s] [ext: omni.graph.action_core-1.1.4] startup
[3.992s] [ext: omni.kit.window.cursor-1.1.2] startup
[3.996s] [ext: omni.graph.image.nodes-1.0.2] startup
[3.998s] [ext: omni.graph.action_nodes-1.23.0] startup
[4.005s] [ext: omni.kit.viewport.menubar.core-106.0.2] startup
[4.297s] [ext: omni.graph.nodes-1.143.0] startup
Warning: Possible version incompatibility. Attempting to load omni::fabric::IPath with version v0.2 against v0.1.
[4.377s] [ext: omni.graph.action-1.102.1] startup
[4.392s] [ext: omni.warp.core-1.2.1] startup
[4.583s] [ext: omni.syntheticdata-0.6.7] startup
[4.721s] [ext: omni.warp-1.2.1] startup
[4.776s] [ext: omni.kvdb-106.0.20] startup
[4.863s] [ext: omni.physx.foundation-106.0.20] startup
[4.870s] [ext: omni.localcache-106.0.20] startup
[4.943s] [ext: omni.convexdecomposition-106.0.20] startup
[5.106s] [ext: omni.sensors.tiled-0.0.4] startup
[5.119s] [ext: omni.physx.cooking-106.0.20] startup
[5.282s] [ext: omni.kit.viewport.actions-106.0.3] startup
[5.420s] [ext: omni.debugdraw-0.1.3] startup
[5.468s] [ext: omni.physx-106.0.20] startup
[5.664s] [ext: omni.kit.viewport.menubar.display-106.0.2] startup
[5.864s] [ext: omni.kit.manipulator.transform-104.7.5] startup
[6.006s] [ext: omni.kit.widget.toolbar-1.6.2] startup
[6.797s] [ext: omni.physx.stageupdate-106.0.20] startup
[6.887s] [ext: omni.usdphysics.ui-106.0.20] startup
[7.094s] [ext: omni.physx.commands-106.0.20] startup
[7.341s] [ext: omni.kit.manipulator.tool.snap-1.4.5] startup
[7.746s] [ext: omni.kit.property.material-1.9.4] startup
[8.032s] [ext: omni.physx.ui-106.0.20] startup
[8.683s] [ext: omni.kit.manipulator.selector-1.1.1] startup
[8.718s] [ext: omni.kit.widget.material_preview-1.0.16] startup
[8.959s] [ext: omni.kit.manipulator.viewport-107.0.0] startup
[9.533s] [ext: omni.kit.property.physx-106.0.20] startup
[10.127s] [ext: omni.physx.demos-106.0.20] startup
[10.240s] [ext: omni.kit.viewport.manipulator.transform-106.0.1] startup
[10.246s] [ext: omni.kit.graph.delegate.default-1.2.2] startup
[10.249s] [ext: omni.ui_query-1.1.2] startup
[10.253s] [ext: omni.fabric.commands-1.1.4] startup
[10.268s] [ext: omni.physx.vehicle-106.0.20] startup
[10.335s] [ext: omni.kit.manipulator.prim.core-107.0.3] startup
[10.363s] [ext: omni.kit.graph.editor.core-1.5.3] startup
[10.377s] [ext: omni.kit.ui_test-1.2.18] startup
[10.385s] [ext: omni.kit.graph.usd.commands-1.3.1] startup
[10.388s] [ext: omni.physx.camera-106.0.20] startup
[10.400s] [ext: omni.kit.manipulator.prim.fabric-106.0.1] startup
[10.408s] [ext: omni.kit.manipulator.prim.usd-106.0.1] startup
[10.413s] [ext: omni.physx.cct-106.0.20] startup
[10.429s] [ext: omni.physics.tensors-106.0.20] startup
[10.449s] [ext: omni.isaac.version-1.1.0] startup
[10.457s] [ext: omni.kit.manipulator.selection-104.0.9] startup
[10.464s] [ext: omni.kit.manipulator.prim-106.0.0] startup
[10.465s] [ext: omni.command.usd-1.0.3] startup
[10.477s] [ext: omni.physx.tensors-106.0.20] startup
[10.485s] [ext: omni.isaac.nucleus-0.3.0] startup
[10.491s] [ext: omni.kit.window.toolbar-1.6.1] startup
[10.500s] [ext: omni.kit.widget.layers-1.7.9] startup
[10.551s] [ext: omni.physx.graph-106.0.20] startup
[10.568s] [ext: omni.physx.supportui-106.0.20] startup
[10.612s] [ext: omni.physx.telemetry-106.0.20] startup
[10.622s] [ext: omni.graph.scriptnode-1.19.1] startup
[10.689s] [ext: omni.graph.ui_nodes-1.25.1] startup
Warning: Possible version incompatibility. Attempting to load omni::fabric::IPath with version v0.2 against v0.1.
[10.735s] [ext: omni.kit.numpy.common-0.1.2] startup
[10.749s] [ext: omni.physx.bundle-106.0.20] startup
[10.751s] [ext: omni.kit.window.material_graph-1.8.15] startup
[11.424s] [ext: omni.graph.bundle.action-2.0.4] startup
[11.425s] [ext: omni.isaac.dynamic_control-1.3.8] startup
[11.451s] [ext: omni.replicator.core-1.11.14] startup
2026-09-15 19:35:31 [11,671ms] [Warning] [omni.replicator.core.scripts.annotators] Annotator PostProcessDispatch is already registered, overwriting annotator template
Warp 1.2.1 initialized:
   CUDA Toolkit 11.8, Driver 13.0
   Devices:
     "cpu"      : "x86_64"
     "cuda:0"   : "NVIDIA RTX A4000" (16 GiB, sm_86, mempool enabled)
   Kernel cache:
     /root/.cache/warp/1.2.1
[12.055s] [ext: omni.isaac.core-3.18.1] startup
[14.553s] [ext: omni.graph.visualization.nodes-2.1.1] startup
[14.567s] [ext: omni.isaac.core_nodes-1.16.1] startup
[14.614s] [ext: omni.isaac.cloner-0.8.1] startup
[14.628s] [ext: omni.isaac.ui-0.16.0] startup
[14.672s] [ext: omni.kit.graph.widget.variables-2.1.0] startup
[14.689s] [ext: omni.kit.graph.delegate.modern-1.10.6] startup
[14.722s] [ext: omni.isaac.wheeled_robots-2.3.3] startup
[14.765s] [ext: omni.isaac.gym-0.11.3] startup
[14.774s] [ext: omni.graph.window.core-1.109.0] startup
[14.851s] [ext: omni.isaac.debug_draw-1.1.0] startup
[14.860s] [ext: omni.isaac.block_world-1.0.0] startup
[14.867s] [ext: omni.graph.window.generic-1.24.0] startup
[14.880s] [ext: omni.isaac.menu-0.5.0] startup
[14.891s] [ext: omni.isaac.occupancy_map-1.0.2] startup
[14.925s] [ext: omni.importer.mjcf-1.1.1] startup
[14.956s] [ext: omni.graph.window.action-1.26.0] startup
[14.976s] [ext: omni.kit.widget.live-2.1.6] startup
[14.982s] [ext: omni.kit.actions.window-1.1.1] startup
[14.992s] [ext: omni.kit.ui.actions-1.0.1] startup
[14.996s] [ext: omni.kit.widget.cache_indicator-2.0.8] startup
[15.138s] [ext: omni.kit.hotkeys.window-1.4.5] startup
2026-09-15 19:35:35 [15,120ms] [Warning] [omni.kit.widget.cache_indicator.cache_state_menu] Unable to detect Omniverse Cache Server. Consider installing it for better IO performance.
[15.160s] [ext: omni.kit.selection-0.1.4] startup
[15.164s] [ext: omni.kit.menu.common-1.1.5] startup
[15.168s] [ext: omni.sensors.nv.common-1.2.2-isaac] startup
[15.178s] [ext: omni.isaac.kit-1.13.0] startup
[15.178s] [ext: omni.kit.menu.edit-1.1.24] startup
[15.190s] [ext: omni.kit.menu.file-1.1.10] startup
[15.195s] [ext: omni.isaac.range_sensor-3.1.1] startup
[15.250s] [ext: omni.sensors.nv.materials-1.2.1-isaac] startup
[15.255s] [ext: omni.kit.property.audio-1.0.11] startup
[15.265s] [ext: omni.kit.widget.stage_icons-1.0.4] startup
[15.268s] [ext: omni.kit.property.geometry-1.3.0] startup
[15.278s] [ext: omni.kit.property.camera-1.0.6] startup
[15.283s] [ext: omni.sensors.nv.lidar-1.2.2-isaac] startup
[15.288s] [ext: omni.sensors.nv.wpm-1.2.1-isaac] startup
[15.289s] [ext: omni.hydra.scene_api-0.1.2] startup
[15.296s] [ext: omni.kit.window.stage-2.5.10] startup
[15.302s] [ext: omni.kit.property.render-1.1.1] startup
[15.307s] [ext: omni.kit.property.light-1.0.8] startup
[15.312s] [ext: omni.sensors.nv.radar-1.2.1-isaac] startup
[15.317s] [ext: omni.kit.property.transform-1.5.1] startup
[15.340s] [ext: omni.kit.menu.stage-1.2.5] startup
[15.343s] [ext: omni.kit.profiler.window-2.2.1] startup
2026-09-15 19:35:35 [15,340ms] [Warning] [omni.kit.profiler.window] remove _SpanInstance.__lt__ and use insort 'key' arg instead
[15.366s] [ext: omni.kit.property.bundle-1.2.11] startup
[15.371s] [ext: omni.kit.property.isaac-0.2.3] startup
[15.378s] [ext: omni.isaac.sensor-12.7.1] startup
[15.463s] [ext: omni.isaac.surface_gripper-1.0.1] startup
[15.478s] [ext: omni.kit.stage_column.payload-2.0.0] startup
[15.491s] [ext: omni.kit.property.layer-1.1.6] startup
[15.520s] [ext: omni.isaac.scene_blox-0.1.2] startup
[15.532s] [ext: omni.isaac.quadruped-1.4.5] startup
[15.599s] [ext: omni.isaac.manipulators-2.1.0] startup
[15.611s] [ext: omni.isaac.lula-3.0.1] startup
[15.626s] [ext: omni.kit.viewport.menubar.render-106.1.3] startup
[15.647s] [ext: omni.kit.viewport.menubar.settings-106.0.1] startup
[15.679s] [ext: omni.kit.viewport.menubar.camera-105.1.8] startup
[15.698s] [ext: omni.kit.manipulator.camera-105.0.5] startup
[15.716s] [ext: omni.isaac.motion_generation-7.1.0] startup
[15.748s] [ext: omni.kit.widget.calendar-1.0.8] startup
[15.755s] [ext: omni.kit.stage_column.variant-1.0.13] startup
[15.760s] [ext: omni.kit.viewport.bundle-104.0.1] startup
[15.760s] [ext: omni.isaac.universal_robots-0.3.5] startup
[15.764s] [ext: omni.kit.widget.extended_searchfield-1.0.28] startup
[15.794s] [ext: omni.kit.widget.timeline-105.0.1] startup
[15.812s] [ext: omni.kit.window.commands-0.2.5] startup
[15.818s] [ext: omni.kit.window.console-0.2.12] startup
[15.828s] [ext: omni.kit.window.script_editor-1.7.6] startup
[15.833s] [ext: omni.kit.menu.create-1.0.13] startup
[15.838s] [ext: omni.kit.window.status_bar-0.1.6] startup
[15.843s] [ext: omni.rtx.window.settings-0.6.16] startup
[15.854s] [ext: omni.isaac.franka-0.4.1] startup
[15.858s] [ext: omni.kit.window.title-1.1.3] startup
2026-09-15 19:35:36 [15,844ms] [Warning] [carb.windowing-glfw.plugin] GLFW initialization failed.
2026-09-15 19:35:36 [15,844ms] [Warning] [carb] Failed to startup plugin carb.windowing-glfw.plugin (interfaces: [carb::windowing::IGLContext v1.0],[carb::windowing::IWindowing v1.4]) (impl: carb.windowing-glfw.plugin)
2026-09-15 19:35:36 [15,846ms] [Warning] [carb.windowing-glfw.plugin] GLFW initialization failed.
2026-09-15 19:35:36 [15,846ms] [Warning] [carb] Failed to startup plugin carb.windowing-glfw.plugin (interfaces: [carb::windowing::IGLContext v1.0],[carb::windowing::IWindowing v1.4]) (impl: carb.windowing-glfw.plugin)
[15.868s] [ext: omni.replicator.isaac-1.15.0] startup
[15.929s] [ext: omni.replicator.replicator_yaml-2.0.5] startup
[16.008s] [ext: omni.rtx.settings.core-0.6.0] startup
[16.047s] [ext: omni.isaac.cortex-0.3.8] startup
[16.053s] [ext: omni.kit.viewport.menubar.lighting-106.0.2] startup
[16.100s] [ext: semantics.schema.editor-0.3.6] startup
[16.115s] [ext: semantics.schema.property-1.0.3] startup
[16.129s] [ext: omni.kit.viewport.rtx-104.0.1] startup
[16.132s] [ext: omni.isaac.utils-1.0.1] startup
[16.149s] [ext: omni.isaac.cortex.sample_behaviors-1.0.5] startup
[16.157s] [ext: omni.importer.urdf-1.14.1] startup
[16.261s] [ext: omni.kit.window.stats-0.1.6] startup
[16.269s] [ext: omni.isaac.sim.python-4.1.0] startup
[16.272s] Simulation App Starting
[51.745s] app ready
2026-09-15 19:36:12 [52,026ms] [Warning] [omni.kit.imgui_renderer.plugin] _createExtendCursor: No windowing.
2026-09-15 19:36:12 [52,026ms] [Warning] [omni.kit.imgui_renderer.plugin] _createExtendCursor: No windowing.
[52.792s] Simulation App Startup Complete
ALIGN_SMOKE_PROGRESS={"schema_version": 2, "shutdown_mode": "fast", "python": "3.10.14", "probe_sha256": "2c96cc4b6f44cda305a6b6f71594494401745b6f474ffe0eeaff71234315bca4", "status": "running", "updates_completed": 0, "drone_physics_tested": false, "phase": "application_started", "elapsed_seconds": 53.083614988980116, "startup_seconds": 53.0836084089824}
ALIGN_SMOKE_PROGRESS={"schema_version": 2, "shutdown_mode": "fast", "python": "3.10.14", "probe_sha256": "2c96cc4b6f44cda305a6b6f71594494401745b6f474ffe0eeaff71234315bca4", "status": "running", "updates_completed": 0, "drone_physics_tested": false, "phase": "cuda_checked", "elapsed_seconds": 53.130867764004506, "startup_seconds": 53.0836084089824, "torch_version": "2.2.2+cu118", "torch_cuda_version": "11.8", "visible_cuda_devices": 1, "cuda_device_name": "NVIDIA RTX A4000", "cuda_sum": 1024.0}
ALIGN_SMOKE_PROGRESS={"schema_version": 2, "shutdown_mode": "fast", "python": "3.10.14", "probe_sha256": "2c96cc4b6f44cda305a6b6f71594494401745b6f474ffe0eeaff71234315bca4", "status": "passed", "updates_completed": 20, "drone_physics_tested": false, "phase": "before_close", "elapsed_seconds": 53.373648740991484, "startup_seconds": 53.0836084089824, "torch_version": "2.2.2+cu118", "torch_cuda_version": "11.8", "visible_cuda_devices": 1, "cuda_device_name": "NVIDIA RTX A4000", "cuda_sum": 1024.0}
[53.533s] Simulation App Shutting Down
